MPLINK 4.49, Linker
Linker Map File - Created Thu Nov 01 18:07:45 2018

                                 Section Info
                  Section       Type    Address   Location Size(Bytes)
                ---------  ---------  ---------  ---------  ---------
                   .org_0       code   0x000000    program   0x000000
                   .org_1       code   0x000000    program   0x00005e
.config_2007_UYGULAMA-31.O       code   0x002007    program   0x000002



                              Program Memory Usage 
                               Start         End      
                           ---------   ---------      
                            0x000000    0x00002e      
                            0x002007    0x002007      
            48 out of 8454 program addresses used, program memory utilization is 0%



                              Symbols - Sorted by Name
                     Name    Address   Location    Storage File                     
                ---------  ---------  ---------  --------- ---------                
                ANA_METOT   0x000001    program     static D:\mikroislemciler\2018GuzDonemi\31.uygulama\uygulama-31.asm
                  GECIKME   0x000026    program     static D:\mikroislemciler\2018GuzDonemi\31.uygulama\uygulama-31.asm
                  KONTROL   0x000009    program     static D:\mikroislemciler\2018GuzDonemi\31.uygulama\uygulama-31.asm
                 TEKRAR_1   0x000028    program     static D:\mikroislemciler\2018GuzDonemi\31.uygulama\uygulama-31.asm
                 TEKRAR_2   0x00002a    program     static D:\mikroislemciler\2018GuzDonemi\31.uygulama\uygulama-31.asm



                              Symbols - Sorted by Address
                     Name    Address   Location    Storage File                     
                ---------  ---------  ---------  --------- ---------                
                ANA_METOT   0x000001    program     static D:\mikroislemciler\2018GuzDonemi\31.uygulama\uygulama-31.asm
                  KONTROL   0x000009    program     static D:\mikroislemciler\2018GuzDonemi\31.uygulama\uygulama-31.asm
                  GECIKME   0x000026    program     static D:\mikroislemciler\2018GuzDonemi\31.uygulama\uygulama-31.asm
                 TEKRAR_1   0x000028    program     static D:\mikroislemciler\2018GuzDonemi\31.uygulama\uygulama-31.asm
                 TEKRAR_2   0x00002a    program     static D:\mikroislemciler\2018GuzDonemi\31.uygulama\uygulama-31.asm


